// Jest Snapshot v1, https://goo.gl/fbAQLP

exports[`StyledCollapsible Should render as expected 1`] = `
.c0 {
  background: #ffffff;
  border: 2px solid #575757;
  padding: 8px 16px;
}

.c0:not(:last-of-type) {
  margin-bottom: 16px;
}

@media (min-width:1024px) {
  .c0:not(:last-of-type) {
    margin-bottom: 24px;
  }
}

<div
  className="c0"
/>
`;

exports[`StyledCollapsibleContent Should render as expected 1`] = `
.c0 {
  display: -webkit-box;
  display: -webkit-flex;
  display: -ms-flexbox;
  display: flex;
  -webkit-flex-direction: column;
  -ms-flex-direction: column;
  flex-direction: column;
  padding-top: 12px;
}

.c0 > div {
  display: -webkit-box;
  display: -webkit-flex;
  display: -ms-flexbox;
  display: flex;
  -webkit-align-items: center;
  -webkit-box-align: center;
  -ms-flex-align: center;
  align-items: center;
}

.c0 > div p {
  min-width: 50%;
  font-size: 0.95rem;
}

.c0 > div span {
  color: #312683;
  font-weight: 700;
  text-overflow: ellipsis;
  white-space: nowrap;
  overflow: hidden;
}

.c0 > div:not(:last-of-type) {
  margin-bottom: 8px;
}

@media (min-width:768px) {
  .c0 {
    -webkit-flex-direction: row;
    -ms-flex-direction: row;
    flex-direction: row;
    -webkit-flex-wrap: wrap;
    -ms-flex-wrap: wrap;
    flex-wrap: wrap;
  }

  .c0 > div {
    width: 50%;
  }

  .c0 > div:first-child {
    margin-right: 50%;
  }

  .c0 > div p {
    font-size: 1.25rem;
  }

  .c0 > div span {
    font-size: 1.35rem;
  }
}

<div
  className="c0"
/>
`;

exports[`StyledCollapsibleHeader Should render as expected 1`] = `
.c0 {
  width: 100%;
  display: -webkit-box;
  display: -webkit-flex;
  display: -ms-flexbox;
  display: flex;
  -webkit-box-pack: justify;
  -webkit-justify-content: space-between;
  -ms-flex-pack: justify;
  justify-content: space-between;
  -webkit-align-items: center;
  -webkit-box-align: center;
  -ms-flex-align: center;
  align-items: center;
}

.c0 p {
  color: #312683;
  font-weight: 700;
}

.c0 span {
  font-family: 'Carter One',cursive;
  font-size: 1.5rem;
  color: #575757;
}

@media (min-width:768px) {
  .c0 p {
    font-size: 1.25rem;
  }

  .c0 span {
    line-height: 1;
    font-size: 2.5rem;
  }
}

<button
  className="c0"
/>
`;
